Watching for file changes with StatReloader
C:\Users\Admin\Desktop\BOARDING HOUSE INFORMATION MANAGEMENT SYSTEM\core\views.py changed, reloading.
Performing system checks...

System check identified no issues (0 silenced).
July 24, 2026 - 17:28:58
Django version 4.2, using settings 'myproject.settings'
Starting development server at http://0.0.0.0:8000/
Quit the server with CTRL-BREAK.

Watching for file changes with StatReloader
Exception in thread django-main-thread:
Traceback (most recent call last):
  File "C:\Python314\Lib\threading.py", line 1082, in _bootstrap_inner
    self._context.run(self.run)
    ~~~~~~~~~~~~~~~~~^^^^^^^^^^
  File "C:\Python314\Lib\threading.py", line 1024, in run
    self._target(*self._args, **self._kwargs)
    ~~~~~~~~~~~~^^^^^^^^^^^^^^^^^^^^^^^^^^^^^
  File "C:\Users\Admin\Desktop\BOARDING HOUSE INFORMATION MANAGEMENT SYSTEM\venv\Lib\site-packages\django\utils\autoreload.py", line 64, in wrapper
    fn(*args, **kwargs)
    ~~^^^^^^^^^^^^^^^^^
  File "C:\Users\Admin\Desktop\BOARDING HOUSE INFORMATION MANAGEMENT SYSTEM\venv\Lib\site-packages\django\core\management\commands\runserver.py", line 133, in inner_run
    self.check(display_num_errors=True)
    ~~~~~~~~~~^^^^^^^^^^^^^^^^^^^^^^^^^
  File "C:\Users\Admin\Desktop\BOARDING HOUSE INFORMATION MANAGEMENT SYSTEM\venv\Lib\site-packages\django\core\management\base.py", line 485, in check
    all_issues = checks.run_checks(
        app_configs=app_configs,
    ...<2 lines>...
        databases=databases,
    )
  File "C:\Users\Admin\Desktop\BOARDING HOUSE INFORMATION MANAGEMENT SYSTEM\venv\Lib\site-packages\django\core\checks\registry.py", line 88, in run_checks
    new_errors = check(app_configs=app_configs, databases=databases)
  File "C:\Users\Admin\Desktop\BOARDING HOUSE INFORMATION MANAGEMENT SYSTEM\venv\Lib\site-packages\django\core\checks\urls.py", line 14, in check_url_config
    return check_resolver(resolver)
  File "C:\Users\Admin\Desktop\BOARDING HOUSE INFORMATION MANAGEMENT SYSTEM\venv\Lib\site-packages\django\core\checks\urls.py", line 24, in check_resolver
    return check_method()
  File "C:\Users\Admin\Desktop\BOARDING HOUSE INFORMATION MANAGEMENT SYSTEM\venv\Lib\site-packages\django\urls\resolvers.py", line 494, in check
    for pattern in self.url_patterns:
                   ^^^^^^^^^^^^^^^^^
  File "C:\Users\Admin\Desktop\BOARDING HOUSE INFORMATION MANAGEMENT SYSTEM\venv\Lib\site-packages\django\utils\functional.py", line 57, in __get__
    res = instance.__dict__[self.name] = self.func(instance)
                                         ~~~~~~~~~^^^^^^^^^^
  File "C:\Users\Admin\Desktop\BOARDING HOUSE INFORMATION MANAGEMENT SYSTEM\venv\Lib\site-packages\django\urls\resolvers.py", line 715, in url_patterns
    patterns = getattr(self.urlconf_module, "urlpatterns", self.urlconf_module)
                       ^^^^^^^^^^^^^^^^^^^
  File "C:\Users\Admin\Desktop\BOARDING HOUSE INFORMATION MANAGEMENT SYSTEM\venv\Lib\site-packages\django\utils\functional.py", line 57, in __get__
    res = instance.__dict__[self.name] = self.func(instance)
                                         ~~~~~~~~~^^^^^^^^^^
  File "C:\Users\Admin\Desktop\BOARDING HOUSE INFORMATION MANAGEMENT SYSTEM\venv\Lib\site-packages\django\urls\resolvers.py", line 708, in urlconf_module
    return import_module(self.urlconf_name)
  File "C:\Python314\Lib\importlib\__init__.py", line 88, in import_module
    return _bootstrap._gcd_import(name[level:], package, level)
           ~~~~~~~~~~~~~~~~~~~~~~^^^^^^^^^^^^^^^^^^^^^^^^^^^^^^
  File "<frozen importlib._bootstrap>", line 1398, in _gcd_import
  File "<frozen importlib._bootstrap>", line 1371, in _find_and_load
  File "<frozen importlib._bootstrap>", line 1342, in _find_and_load_unlocked
  File "<frozen importlib._bootstrap>", line 938, in _load_unlocked
  File "<frozen importlib._bootstrap_external>", line 759, in exec_module
  File "<frozen importlib._bootstrap>", line 491, in _call_with_frames_removed
  File "C:\Users\Admin\Desktop\BOARDING HOUSE INFORMATION MANAGEMENT SYSTEM\myproject\urls.py", line 22, in <module>
    path('', include('core.urls')),
             ~~~~~~~^^^^^^^^^^^^^
  File "C:\Users\Admin\Desktop\BOARDING HOUSE INFORMATION MANAGEMENT SYSTEM\venv\Lib\site-packages\django\urls\conf.py", line 38, in include
    urlconf_module = import_module(urlconf_module)
  File "C:\Python314\Lib\importlib\__init__.py", line 88, in import_module
    return _bootstrap._gcd_import(name[level:], package, level)
           ~~~~~~~~~~~~~~~~~~~~~~^^^^^^^^^^^^^^^^^^^^^^^^^^^^^^
  File "<frozen importlib._bootstrap>", line 1398, in _gcd_import
  File "<frozen importlib._bootstrap>", line 1371, in _find_and_load
  File "<frozen importlib._bootstrap>", line 1342, in _find_and_load_unlocked
  File "<frozen importlib._bootstrap>", line 938, in _load_unlocked
  File "<frozen importlib._bootstrap_external>", line 759, in exec_module
  File "<frozen importlib._bootstrap>", line 491, in _call_with_frames_removed
  File "C:\Users\Admin\Desktop\BOARDING HOUSE INFORMATION MANAGEMENT SYSTEM\core\urls.py", line 3, in <module>
    from . import views
  File "C:\Users\Admin\Desktop\BOARDING HOUSE INFORMATION MANAGEMENT SYSTEM\core\views.py", line 313
    return render(request, 'core/admin_landlord_list.html', {'landlords': landlords':
                                                                                   ^
SyntaxError: unterminated string literal (detected at line 313)
C:\Users\Admin\Desktop\BOARDING HOUSE INFORMATION MANAGEMENT SYSTEM\core\views.py changed, reloading.
Performing system checks...

Watching for file changes with StatReloader
Exception in thread django-main-thread:
Traceback (most recent call last):
  File "C:\Python314\Lib\threading.py", line 1082, in _bootstrap_inner
    self._context.run(self.run)
    ~~~~~~~~~~~~~~~~~^^^^^^^^^^
  File "C:\Python314\Lib\threading.py", line 1024, in run
    self._target(*self._args, **self._kwargs)
    ~~~~~~~~~~~~^^^^^^^^^^^^^^^^^^^^^^^^^^^^^
  File "C:\Users\Admin\Desktop\BOARDING HOUSE INFORMATION MANAGEMENT SYSTEM\venv\Lib\site-packages\django\utils\autoreload.py", line 64, in wrapper
    fn(*args, **kwargs)
    ~~^^^^^^^^^^^^^^^^^
  File "C:\Users\Admin\Desktop\BOARDING HOUSE INFORMATION MANAGEMENT SYSTEM\venv\Lib\site-packages\django\core\management\commands\runserver.py", line 133, in inner_run
    self.check(display_num_errors=True)
    ~~~~~~~~~~^^^^^^^^^^^^^^^^^^^^^^^^^
  File "C:\Users\Admin\Desktop\BOARDING HOUSE INFORMATION MANAGEMENT SYSTEM\venv\Lib\site-packages\django\core\management\base.py", line 485, in check
    all_issues = checks.run_checks(
        app_configs=app_configs,
    ...<2 lines>...
        databases=databases,
    )
  File "C:\Users\Admin\Desktop\BOARDING HOUSE INFORMATION MANAGEMENT SYSTEM\venv\Lib\site-packages\django\core\checks\registry.py", line 88, in run_checks
    new_errors = check(app_configs=app_configs, databases=databases)
  File "C:\Users\Admin\Desktop\BOARDING HOUSE INFORMATION MANAGEMENT SYSTEM\venv\Lib\site-packages\django\core\checks\urls.py", line 14, in check_url_config
    return check_resolver(resolver)
  File "C:\Users\Admin\Desktop\BOARDING HOUSE INFORMATION MANAGEMENT SYSTEM\venv\Lib\site-packages\django\core\checks\urls.py", line 24, in check_resolver
    return check_method()
  File "C:\Users\Admin\Desktop\BOARDING HOUSE INFORMATION MANAGEMENT SYSTEM\venv\Lib\site-packages\django\urls\resolvers.py", line 494, in check
    for pattern in self.url_patterns:
                   ^^^^^^^^^^^^^^^^^
  File "C:\Users\Admin\Desktop\BOARDING HOUSE INFORMATION MANAGEMENT SYSTEM\venv\Lib\site-packages\django\utils\functional.py", line 57, in __get__
    res = instance.__dict__[self.name] = self.func(instance)
                                         ~~~~~~~~~^^^^^^^^^^
  File "C:\Users\Admin\Desktop\BOARDING HOUSE INFORMATION MANAGEMENT SYSTEM\venv\Lib\site-packages\django\urls\resolvers.py", line 715, in url_patterns
    patterns = getattr(self.urlconf_module, "urlpatterns", self.urlconf_module)
                       ^^^^^^^^^^^^^^^^^^^
  File "C:\Users\Admin\Desktop\BOARDING HOUSE INFORMATION MANAGEMENT SYSTEM\venv\Lib\site-packages\django\utils\functional.py", line 57, in __get__
    res = instance.__dict__[self.name] = self.func(instance)
                                         ~~~~~~~~~^^^^^^^^^^
  File "C:\Users\Admin\Desktop\BOARDING HOUSE INFORMATION MANAGEMENT SYSTEM\venv\Lib\site-packages\django\urls\resolvers.py", line 708, in urlconf_module
    return import_module(self.urlconf_name)
  File "C:\Python314\Lib\importlib\__init__.py", line 88, in import_module
    return _bootstrap._gcd_import(name[level:], package, level)
           ~~~~~~~~~~~~~~~~~~~~~~^^^^^^^^^^^^^^^^^^^^^^^^^^^^^^
  File "<frozen importlib._bootstrap>", line 1398, in _gcd_import
  File "<frozen importlib._bootstrap>", line 1371, in _find_and_load
  File "<frozen importlib._bootstrap>", line 1342, in _find_and_load_unlocked
  File "<frozen importlib._bootstrap>", line 938, in _load_unlocked
  File "<frozen importlib._bootstrap_external>", line 759, in exec_module
  File "<frozen importlib._bootstrap>", line 491, in _call_with_frames_removed
  File "C:\Users\Admin\Desktop\BOARDING HOUSE INFORMATION MANAGEMENT SYSTEM\myproject\urls.py", line 22, in <module>
    path('', include('core.urls')),
             ~~~~~~~^^^^^^^^^^^^^
  File "C:\Users\Admin\Desktop\BOARDING HOUSE INFORMATION MANAGEMENT SYSTEM\venv\Lib\site-packages\django\urls\conf.py", line 38, in include
    urlconf_module = import_module(urlconf_module)
  File "C:\Python314\Lib\importlib\__init__.py", line 88, in import_module
    return _bootstrap._gcd_import(name[level:], package, level)
           ~~~~~~~~~~~~~~~~~~~~~~^^^^^^^^^^^^^^^^^^^^^^^^^^^^^^
  File "<frozen importlib._bootstrap>", line 1398, in _gcd_import
  File "<frozen importlib._bootstrap>", line 1371, in _find_and_load
  File "<frozen importlib._bootstrap>", line 1342, in _find_and_load_unlocked
  File "<frozen importlib._bootstrap>", line 938, in _load_unlocked
  File "<frozen importlib._bootstrap_external>", line 759, in exec_module
  File "<frozen importlib._bootstrap>", line 491, in _call_with_frames_removed
  File "C:\Users\Admin\Desktop\BOARDING HOUSE INFORMATION MANAGEMENT SYSTEM\core\urls.py", line 3, in <module>
    from . import views
  File "C:\Users\Admin\Desktop\BOARDING HOUSE INFORMATION MANAGEMENT SYSTEM\core\views.py", line 313
    return render(request, 'core/admin_landlord_list.html', {'landlords': landlords':
                                                                                   ^
SyntaxError: unterminated string literal (detected at line 313)
C:\Users\Admin\Desktop\BOARDING HOUSE INFORMATION MANAGEMENT SYSTEM\core\views.py changed, reloading.
Performing system checks...

Watching for file changes with StatReloader
Exception in thread django-main-thread:
Traceback (most recent call last):
  File "C:\Python314\Lib\threading.py", line 1082, in _bootstrap_inner
    self._context.run(self.run)
    ~~~~~~~~~~~~~~~~~^^^^^^^^^^
  File "C:\Python314\Lib\threading.py", line 1024, in run
    self._target(*self._args, **self._kwargs)
    ~~~~~~~~~~~~^^^^^^^^^^^^^^^^^^^^^^^^^^^^^
  File "C:\Users\Admin\Desktop\BOARDING HOUSE INFORMATION MANAGEMENT SYSTEM\venv\Lib\site-packages\django\utils\autoreload.py", line 64, in wrapper
    fn(*args, **kwargs)
    ~~^^^^^^^^^^^^^^^^^
  File "C:\Users\Admin\Desktop\BOARDING HOUSE INFORMATION MANAGEMENT SYSTEM\venv\Lib\site-packages\django\core\management\commands\runserver.py", line 133, in inner_run
    self.check(display_num_errors=True)
    ~~~~~~~~~~^^^^^^^^^^^^^^^^^^^^^^^^^
  File "C:\Users\Admin\Desktop\BOARDING HOUSE INFORMATION MANAGEMENT SYSTEM\venv\Lib\site-packages\django\core\management\base.py", line 485, in check
    all_issues = checks.run_checks(
        app_configs=app_configs,
    ...<2 lines>...
        databases=databases,
    )
  File "C:\Users\Admin\Desktop\BOARDING HOUSE INFORMATION MANAGEMENT SYSTEM\venv\Lib\site-packages\django\core\checks\registry.py", line 88, in run_checks
    new_errors = check(app_configs=app_configs, databases=databases)
  File "C:\Users\Admin\Desktop\BOARDING HOUSE INFORMATION MANAGEMENT SYSTEM\venv\Lib\site-packages\django\core\checks\urls.py", line 14, in check_url_config
    return check_resolver(resolver)
  File "C:\Users\Admin\Desktop\BOARDING HOUSE INFORMATION MANAGEMENT SYSTEM\venv\Lib\site-packages\django\core\checks\urls.py", line 24, in check_resolver
    return check_method()
  File "C:\Users\Admin\Desktop\BOARDING HOUSE INFORMATION MANAGEMENT SYSTEM\venv\Lib\site-packages\django\urls\resolvers.py", line 494, in check
    for pattern in self.url_patterns:
                   ^^^^^^^^^^^^^^^^^
  File "C:\Users\Admin\Desktop\BOARDING HOUSE INFORMATION MANAGEMENT SYSTEM\venv\Lib\site-packages\django\utils\functional.py", line 57, in __get__
    res = instance.__dict__[self.name] = self.func(instance)
                                         ~~~~~~~~~^^^^^^^^^^
  File "C:\Users\Admin\Desktop\BOARDING HOUSE INFORMATION MANAGEMENT SYSTEM\venv\Lib\site-packages\django\urls\resolvers.py", line 715, in url_patterns
    patterns = getattr(self.urlconf_module, "urlpatterns", self.urlconf_module)
                       ^^^^^^^^^^^^^^^^^^^
  File "C:\Users\Admin\Desktop\BOARDING HOUSE INFORMATION MANAGEMENT SYSTEM\venv\Lib\site-packages\django\utils\functional.py", line 57, in __get__
    res = instance.__dict__[self.name] = self.func(instance)
                                         ~~~~~~~~~^^^^^^^^^^
  File "C:\Users\Admin\Desktop\BOARDING HOUSE INFORMATION MANAGEMENT SYSTEM\venv\Lib\site-packages\django\urls\resolvers.py", line 708, in urlconf_module
    return import_module(self.urlconf_name)
  File "C:\Python314\Lib\importlib\__init__.py", line 88, in import_module
    return _bootstrap._gcd_import(name[level:], package, level)
           ~~~~~~~~~~~~~~~~~~~~~~^^^^^^^^^^^^^^^^^^^^^^^^^^^^^^
  File "<frozen importlib._bootstrap>", line 1398, in _gcd_import
  File "<frozen importlib._bootstrap>", line 1371, in _find_and_load
  File "<frozen importlib._bootstrap>", line 1342, in _find_and_load_unlocked
  File "<frozen importlib._bootstrap>", line 938, in _load_unlocked
  File "<frozen importlib._bootstrap_external>", line 759, in exec_module
  File "<frozen importlib._bootstrap>", line 491, in _call_with_frames_removed
  File "C:\Users\Admin\Desktop\BOARDING HOUSE INFORMATION MANAGEMENT SYSTEM\myproject\urls.py", line 22, in <module>
    path('', include('core.urls')),
             ~~~~~~~^^^^^^^^^^^^^
  File "C:\Users\Admin\Desktop\BOARDING HOUSE INFORMATION MANAGEMENT SYSTEM\venv\Lib\site-packages\django\urls\conf.py", line 38, in include
    urlconf_module = import_module(urlconf_module)
  File "C:\Python314\Lib\importlib\__init__.py", line 88, in import_module
    return _bootstrap._gcd_import(name[level:], package, level)
           ~~~~~~~~~~~~~~~~~~~~~~^^^^^^^^^^^^^^^^^^^^^^^^^^^^^^
  File "<frozen importlib._bootstrap>", line 1398, in _gcd_import
  File "<frozen importlib._bootstrap>", line 1371, in _find_and_load
  File "<frozen importlib._bootstrap>", line 1342, in _find_and_load_unlocked
  File "<frozen importlib._bootstrap>", line 938, in _load_unlocked
  File "<frozen importlib._bootstrap_external>", line 759, in exec_module
  File "<frozen importlib._bootstrap>", line 491, in _call_with_frames_removed
  File "C:\Users\Admin\Desktop\BOARDING HOUSE INFORMATION MANAGEMENT SYSTEM\core\urls.py", line 3, in <module>
    from . import views
  File "C:\Users\Admin\Desktop\BOARDING HOUSE INFORMATION MANAGEMENT SYSTEM\core\views.py", line 313
    return render(request, 'core/admin_landlord_list.html', {'landlords': landlords':
                                                                                   ^
SyntaxError: unterminated string literal (detected at line 313)
C:\Users\Admin\Desktop\BOARDING HOUSE INFORMATION MANAGEMENT SYSTEM\core\views.py changed, reloading.
Performing system checks...

Watching for file changes with StatReloader
Exception in thread django-main-thread:
Traceback (most recent call last):
  File "C:\Python314\Lib\threading.py", line 1082, in _bootstrap_inner
    self._context.run(self.run)
    ~~~~~~~~~~~~~~~~~^^^^^^^^^^
  File "C:\Python314\Lib\threading.py", line 1024, in run
    self._target(*self._args, **self._kwargs)
    ~~~~~~~~~~~~^^^^^^^^^^^^^^^^^^^^^^^^^^^^^
  File "C:\Users\Admin\Desktop\BOARDING HOUSE INFORMATION MANAGEMENT SYSTEM\venv\Lib\site-packages\django\utils\autoreload.py", line 64, in wrapper
    fn(*args, **kwargs)
    ~~^^^^^^^^^^^^^^^^^
  File "C:\Users\Admin\Desktop\BOARDING HOUSE INFORMATION MANAGEMENT SYSTEM\venv\Lib\site-packages\django\core\management\commands\runserver.py", line 133, in inner_run
    self.check(display_num_errors=True)
    ~~~~~~~~~~^^^^^^^^^^^^^^^^^^^^^^^^^
  File "C:\Users\Admin\Desktop\BOARDING HOUSE INFORMATION MANAGEMENT SYSTEM\venv\Lib\site-packages\django\core\management\base.py", line 485, in check
    all_issues = checks.run_checks(
        app_configs=app_configs,
    ...<2 lines>...
        databases=databases,
    )
  File "C:\Users\Admin\Desktop\BOARDING HOUSE INFORMATION MANAGEMENT SYSTEM\venv\Lib\site-packages\django\core\checks\registry.py", line 88, in run_checks
    new_errors = check(app_configs=app_configs, databases=databases)
  File "C:\Users\Admin\Desktop\BOARDING HOUSE INFORMATION MANAGEMENT SYSTEM\venv\Lib\site-packages\django\core\checks\urls.py", line 14, in check_url_config
    return check_resolver(resolver)
  File "C:\Users\Admin\Desktop\BOARDING HOUSE INFORMATION MANAGEMENT SYSTEM\venv\Lib\site-packages\django\core\checks\urls.py", line 24, in check_resolver
    return check_method()
  File "C:\Users\Admin\Desktop\BOARDING HOUSE INFORMATION MANAGEMENT SYSTEM\venv\Lib\site-packages\django\urls\resolvers.py", line 494, in check
    for pattern in self.url_patterns:
                   ^^^^^^^^^^^^^^^^^
  File "C:\Users\Admin\Desktop\BOARDING HOUSE INFORMATION MANAGEMENT SYSTEM\venv\Lib\site-packages\django\utils\functional.py", line 57, in __get__
    res = instance.__dict__[self.name] = self.func(instance)
                                         ~~~~~~~~~^^^^^^^^^^
  File "C:\Users\Admin\Desktop\BOARDING HOUSE INFORMATION MANAGEMENT SYSTEM\venv\Lib\site-packages\django\urls\resolvers.py", line 715, in url_patterns
    patterns = getattr(self.urlconf_module, "urlpatterns", self.urlconf_module)
                       ^^^^^^^^^^^^^^^^^^^
  File "C:\Users\Admin\Desktop\BOARDING HOUSE INFORMATION MANAGEMENT SYSTEM\venv\Lib\site-packages\django\utils\functional.py", line 57, in __get__
    res = instance.__dict__[self.name] = self.func(instance)
                                         ~~~~~~~~~^^^^^^^^^^
  File "C:\Users\Admin\Desktop\BOARDING HOUSE INFORMATION MANAGEMENT SYSTEM\venv\Lib\site-packages\django\urls\resolvers.py", line 708, in urlconf_module
    return import_module(self.urlconf_name)
  File "C:\Python314\Lib\importlib\__init__.py", line 88, in import_module
    return _bootstrap._gcd_import(name[level:], package, level)
           ~~~~~~~~~~~~~~~~~~~~~~^^^^^^^^^^^^^^^^^^^^^^^^^^^^^^
  File "<frozen importlib._bootstrap>", line 1398, in _gcd_import
  File "<frozen importlib._bootstrap>", line 1371, in _find_and_load
  File "<frozen importlib._bootstrap>", line 1342, in _find_and_load_unlocked
  File "<frozen importlib._bootstrap>", line 938, in _load_unlocked
  File "<frozen importlib._bootstrap_external>", line 759, in exec_module
  File "<frozen importlib._bootstrap>", line 491, in _call_with_frames_removed
  File "C:\Users\Admin\Desktop\BOARDING HOUSE INFORMATION MANAGEMENT SYSTEM\myproject\urls.py", line 22, in <module>
    path('', include('core.urls')),
             ~~~~~~~^^^^^^^^^^^^^
  File "C:\Users\Admin\Desktop\BOARDING HOUSE INFORMATION MANAGEMENT SYSTEM\venv\Lib\site-packages\django\urls\conf.py", line 38, in include
    urlconf_module = import_module(urlconf_module)
  File "C:\Python314\Lib\importlib\__init__.py", line 88, in import_module
    return _bootstrap._gcd_import(name[level:], package, level)
           ~~~~~~~~~~~~~~~~~~~~~~^^^^^^^^^^^^^^^^^^^^^^^^^^^^^^
  File "<frozen importlib._bootstrap>", line 1398, in _gcd_import
  File "<frozen importlib._bootstrap>", line 1371, in _find_and_load
  File "<frozen importlib._bootstrap>", line 1342, in _find_and_load_unlocked
  File "<frozen importlib._bootstrap>", line 938, in _load_unlocked
  File "<frozen importlib._bootstrap_external>", line 759, in exec_module
  File "<frozen importlib._bootstrap>", line 491, in _call_with_frames_removed
  File "C:\Users\Admin\Desktop\BOARDING HOUSE INFORMATION MANAGEMENT SYSTEM\core\urls.py", line 3, in <module>
    from . import views
  File "C:\Users\Admin\Desktop\BOARDING HOUSE INFORMATION MANAGEMENT SYSTEM\core\views.py", line 313
    return render(request, 'core/admin_landlord_list.html', {'landlords': landlords':
                                                                                   ^
SyntaxError: unterminated string literal (detected at line 313)
C:\Users\Admin\Desktop\BOARDING HOUSE INFORMATION MANAGEMENT SYSTEM\core\views.py changed, reloading.
Performing system checks...

Watching for file changes with StatReloader
Exception in thread django-main-thread:
Traceback (most recent call last):
  File "C:\Python314\Lib\threading.py", line 1082, in _bootstrap_inner
    self._context.run(self.run)
    ~~~~~~~~~~~~~~~~~^^^^^^^^^^
  File "C:\Python314\Lib\threading.py", line 1024, in run
    self._target(*self._args, **self._kwargs)
    ~~~~~~~~~~~~^^^^^^^^^^^^^^^^^^^^^^^^^^^^^
  File "C:\Users\Admin\Desktop\BOARDING HOUSE INFORMATION MANAGEMENT SYSTEM\venv\Lib\site-packages\django\utils\autoreload.py", line 64, in wrapper
    fn(*args, **kwargs)
    ~~^^^^^^^^^^^^^^^^^
  File "C:\Users\Admin\Desktop\BOARDING HOUSE INFORMATION MANAGEMENT SYSTEM\venv\Lib\site-packages\django\core\management\commands\runserver.py", line 133, in inner_run
    self.check(display_num_errors=True)
    ~~~~~~~~~~^^^^^^^^^^^^^^^^^^^^^^^^^
  File "C:\Users\Admin\Desktop\BOARDING HOUSE INFORMATION MANAGEMENT SYSTEM\venv\Lib\site-packages\django\core\management\base.py", line 485, in check
    all_issues = checks.run_checks(
        app_configs=app_configs,
    ...<2 lines>...
        databases=databases,
    )
  File "C:\Users\Admin\Desktop\BOARDING HOUSE INFORMATION MANAGEMENT SYSTEM\venv\Lib\site-packages\django\core\checks\registry.py", line 88, in run_checks
    new_errors = check(app_configs=app_configs, databases=databases)
  File "C:\Users\Admin\Desktop\BOARDING HOUSE INFORMATION MANAGEMENT SYSTEM\venv\Lib\site-packages\django\core\checks\urls.py", line 14, in check_url_config
    return check_resolver(resolver)
  File "C:\Users\Admin\Desktop\BOARDING HOUSE INFORMATION MANAGEMENT SYSTEM\venv\Lib\site-packages\django\core\checks\urls.py", line 24, in check_resolver
    return check_method()
  File "C:\Users\Admin\Desktop\BOARDING HOUSE INFORMATION MANAGEMENT SYSTEM\venv\Lib\site-packages\django\urls\resolvers.py", line 494, in check
    for pattern in self.url_patterns:
                   ^^^^^^^^^^^^^^^^^
  File "C:\Users\Admin\Desktop\BOARDING HOUSE INFORMATION MANAGEMENT SYSTEM\venv\Lib\site-packages\django\utils\functional.py", line 57, in __get__
    res = instance.__dict__[self.name] = self.func(instance)
                                         ~~~~~~~~~^^^^^^^^^^
  File "C:\Users\Admin\Desktop\BOARDING HOUSE INFORMATION MANAGEMENT SYSTEM\venv\Lib\site-packages\django\urls\resolvers.py", line 715, in url_patterns
    patterns = getattr(self.urlconf_module, "urlpatterns", self.urlconf_module)
                       ^^^^^^^^^^^^^^^^^^^
  File "C:\Users\Admin\Desktop\BOARDING HOUSE INFORMATION MANAGEMENT SYSTEM\venv\Lib\site-packages\django\utils\functional.py", line 57, in __get__
    res = instance.__dict__[self.name] = self.func(instance)
                                         ~~~~~~~~~^^^^^^^^^^
  File "C:\Users\Admin\Desktop\BOARDING HOUSE INFORMATION MANAGEMENT SYSTEM\venv\Lib\site-packages\django\urls\resolvers.py", line 708, in urlconf_module
    return import_module(self.urlconf_name)
  File "C:\Python314\Lib\importlib\__init__.py", line 88, in import_module
    return _bootstrap._gcd_import(name[level:], package, level)
           ~~~~~~~~~~~~~~~~~~~~~~^^^^^^^^^^^^^^^^^^^^^^^^^^^^^^
  File "<frozen importlib._bootstrap>", line 1398, in _gcd_import
  File "<frozen importlib._bootstrap>", line 1371, in _find_and_load
  File "<frozen importlib._bootstrap>", line 1342, in _find_and_load_unlocked
  File "<frozen importlib._bootstrap>", line 938, in _load_unlocked
  File "<frozen importlib._bootstrap_external>", line 759, in exec_module
  File "<frozen importlib._bootstrap>", line 491, in _call_with_frames_removed
  File "C:\Users\Admin\Desktop\BOARDING HOUSE INFORMATION MANAGEMENT SYSTEM\myproject\urls.py", line 22, in <module>
    path('', include('core.urls')),
             ~~~~~~~^^^^^^^^^^^^^
  File "C:\Users\Admin\Desktop\BOARDING HOUSE INFORMATION MANAGEMENT SYSTEM\venv\Lib\site-packages\django\urls\conf.py", line 38, in include
    urlconf_module = import_module(urlconf_module)
  File "C:\Python314\Lib\importlib\__init__.py", line 88, in import_module
    return _bootstrap._gcd_import(name[level:], package, level)
           ~~~~~~~~~~~~~~~~~~~~~~^^^^^^^^^^^^^^^^^^^^^^^^^^^^^^
  File "<frozen importlib._bootstrap>", line 1398, in _gcd_import
  File "<frozen importlib._bootstrap>", line 1371, in _find_and_load
  File "<frozen importlib._bootstrap>", line 1342, in _find_and_load_unlocked
  File "<frozen importlib._bootstrap>", line 938, in _load_unlocked
  File "<frozen importlib._bootstrap_external>", line 759, in exec_module
  File "<frozen importlib._bootstrap>", line 491, in _call_with_frames_removed
  File "C:\Users\Admin\Desktop\BOARDING HOUSE INFORMATION MANAGEMENT SYSTEM\core\urls.py", line 3, in <module>
    from . import views
  File "C:\Users\Admin\Desktop\BOARDING HOUSE INFORMATION MANAGEMENT SYSTEM\core\views.py", line 314
    })
    ^
SyntaxError: unmatched '}'
C:\Users\Admin\Desktop\BOARDING HOUSE INFORMATION MANAGEMENT SYSTEM\core\views.py changed, reloading.
Performing system checks...

Watching for file changes with StatReloader
C:\Users\Admin\Desktop\BOARDING HOUSE INFORMATION MANAGEMENT SYSTEM\core\views.py changed, reloading.
Performing system checks...

System check identified no issues (0 silenced).
July 24, 2026 - 17:43:49
Django version 4.2, using settings 'myproject.settings'
Starting development server at http://0.0.0.0:8000/
Quit the server with CTRL-BREAK.

Watching for file changes with StatReloader
Exception in thread django-main-thread:
Traceback (most recent call last):
  File "C:\Python314\Lib\threading.py", line 1082, in _bootstrap_inner
    self._context.run(self.run)
    ~~~~~~~~~~~~~~~~~^^^^^^^^^^
  File "C:\Python314\Lib\threading.py", line 1024, in run
    self._target(*self._args, **self._kwargs)
    ~~~~~~~~~~~~^^^^^^^^^^^^^^^^^^^^^^^^^^^^^
  File "C:\Users\Admin\Desktop\BOARDING HOUSE INFORMATION MANAGEMENT SYSTEM\venv\Lib\site-packages\django\utils\autoreload.py", line 64, in wrapper
    fn(*args, **kwargs)
    ~~^^^^^^^^^^^^^^^^^
  File "C:\Users\Admin\Desktop\BOARDING HOUSE INFORMATION MANAGEMENT SYSTEM\venv\Lib\site-packages\django\core\management\commands\runserver.py", line 133, in inner_run
    self.check(display_num_errors=True)
    ~~~~~~~~~~^^^^^^^^^^^^^^^^^^^^^^^^^
  File "C:\Users\Admin\Desktop\BOARDING HOUSE INFORMATION MANAGEMENT SYSTEM\venv\Lib\site-packages\django\core\management\base.py", line 485, in check
    all_issues = checks.run_checks(
        app_configs=app_configs,
    ...<2 lines>...
        databases=databases,
    )
  File "C:\Users\Admin\Desktop\BOARDING HOUSE INFORMATION MANAGEMENT SYSTEM\venv\Lib\site-packages\django\core\checks\registry.py", line 88, in run_checks
    new_errors = check(app_configs=app_configs, databases=databases)
  File "C:\Users\Admin\Desktop\BOARDING HOUSE INFORMATION MANAGEMENT SYSTEM\venv\Lib\site-packages\django\core\checks\urls.py", line 14, in check_url_config
    return check_resolver(resolver)
  File "C:\Users\Admin\Desktop\BOARDING HOUSE INFORMATION MANAGEMENT SYSTEM\venv\Lib\site-packages\django\core\checks\urls.py", line 24, in check_resolver
    return check_method()
  File "C:\Users\Admin\Desktop\BOARDING HOUSE INFORMATION MANAGEMENT SYSTEM\venv\Lib\site-packages\django\urls\resolvers.py", line 494, in check
    for pattern in self.url_patterns:
                   ^^^^^^^^^^^^^^^^^
  File "C:\Users\Admin\Desktop\BOARDING HOUSE INFORMATION MANAGEMENT SYSTEM\venv\Lib\site-packages\django\utils\functional.py", line 57, in __get__
    res = instance.__dict__[self.name] = self.func(instance)
                                         ~~~~~~~~~^^^^^^^^^^
  File "C:\Users\Admin\Desktop\BOARDING HOUSE INFORMATION MANAGEMENT SYSTEM\venv\Lib\site-packages\django\urls\resolvers.py", line 715, in url_patterns
    patterns = getattr(self.urlconf_module, "urlpatterns", self.urlconf_module)
                       ^^^^^^^^^^^^^^^^^^^
  File "C:\Users\Admin\Desktop\BOARDING HOUSE INFORMATION MANAGEMENT SYSTEM\venv\Lib\site-packages\django\utils\functional.py", line 57, in __get__
    res = instance.__dict__[self.name] = self.func(instance)
                                         ~~~~~~~~~^^^^^^^^^^
  File "C:\Users\Admin\Desktop\BOARDING HOUSE INFORMATION MANAGEMENT SYSTEM\venv\Lib\site-packages\django\urls\resolvers.py", line 708, in urlconf_module
    return import_module(self.urlconf_name)
  File "C:\Python314\Lib\importlib\__init__.py", line 88, in import_module
    return _bootstrap._gcd_import(name[level:], package, level)
           ~~~~~~~~~~~~~~~~~~~~~~^^^^^^^^^^^^^^^^^^^^^^^^^^^^^^
  File "<frozen importlib._bootstrap>", line 1398, in _gcd_import
  File "<frozen importlib._bootstrap>", line 1371, in _find_and_load
  File "<frozen importlib._bootstrap>", line 1342, in _find_and_load_unlocked
  File "<frozen importlib._bootstrap>", line 938, in _load_unlocked
  File "<frozen importlib._bootstrap_external>", line 759, in exec_module
  File "<frozen importlib._bootstrap>", line 491, in _call_with_frames_removed
  File "C:\Users\Admin\Desktop\BOARDING HOUSE INFORMATION MANAGEMENT SYSTEM\myproject\urls.py", line 22, in <module>
    path('', include('core.urls')),
             ~~~~~~~^^^^^^^^^^^^^
  File "C:\Users\Admin\Desktop\BOARDING HOUSE INFORMATION MANAGEMENT SYSTEM\venv\Lib\site-packages\django\urls\conf.py", line 38, in include
    urlconf_module = import_module(urlconf_module)
  File "C:\Python314\Lib\importlib\__init__.py", line 88, in import_module
    return _bootstrap._gcd_import(name[level:], package, level)
           ~~~~~~~~~~~~~~~~~~~~~~^^^^^^^^^^^^^^^^^^^^^^^^^^^^^^
  File "<frozen importlib._bootstrap>", line 1398, in _gcd_import
  File "<frozen importlib._bootstrap>", line 1371, in _find_and_load
  File "<frozen importlib._bootstrap>", line 1342, in _find_and_load_unlocked
  File "<frozen importlib._bootstrap>", line 938, in _load_unlocked
  File "<frozen importlib._bootstrap_external>", line 759, in exec_module
  File "<frozen importlib._bootstrap>", line 491, in _call_with_frames_removed
  File "C:\Users\Admin\Desktop\BOARDING HOUSE INFORMATION MANAGEMENT SYSTEM\core\urls.py", line 3, in <module>
    from . import views
  File "C:\Users\Admin\Desktop\BOARDING HOUSE INFORMATION MANAGEMENT SYSTEM\core\views.py", line 16, in <module>
    from .models import BoardingHouse, User, Student, Landlord, BoardingHouseImage, Booking, InquiryMessage
ImportError: cannot import name 'InquiryMessage' from 'core.models' (C:\Users\Admin\Desktop\BOARDING HOUSE INFORMATION MANAGEMENT SYSTEM\core\models.py)
C:\Users\Admin\Desktop\BOARDING HOUSE INFORMATION MANAGEMENT SYSTEM\core\views.py changed, reloading.
Performing system checks...

Watching for file changes with StatReloader
Exception in thread django-main-thread:
Traceback (most recent call last):
  File "C:\Python314\Lib\threading.py", line 1082, in _bootstrap_inner
    self._context.run(self.run)
    ~~~~~~~~~~~~~~~~~^^^^^^^^^^
  File "C:\Python314\Lib\threading.py", line 1024, in run
    self._target(*self._args, **self._kwargs)
    ~~~~~~~~~~~~^^^^^^^^^^^^^^^^^^^^^^^^^^^^^
  File "C:\Users\Admin\Desktop\BOARDING HOUSE INFORMATION MANAGEMENT SYSTEM\venv\Lib\site-packages\django\utils\autoreload.py", line 64, in wrapper
    fn(*args, **kwargs)
    ~~^^^^^^^^^^^^^^^^^
  File "C:\Users\Admin\Desktop\BOARDING HOUSE INFORMATION MANAGEMENT SYSTEM\venv\Lib\site-packages\django\core\management\commands\runserver.py", line 133, in inner_run
    self.check(display_num_errors=True)
    ~~~~~~~~~~^^^^^^^^^^^^^^^^^^^^^^^^^
  File "C:\Users\Admin\Desktop\BOARDING HOUSE INFORMATION MANAGEMENT SYSTEM\venv\Lib\site-packages\django\core\management\base.py", line 485, in check
    all_issues = checks.run_checks(
        app_configs=app_configs,
    ...<2 lines>...
        databases=databases,
    )
  File "C:\Users\Admin\Desktop\BOARDING HOUSE INFORMATION MANAGEMENT SYSTEM\venv\Lib\site-packages\django\core\checks\registry.py", line 88, in run_checks
    new_errors = check(app_configs=app_configs, databases=databases)
  File "C:\Users\Admin\Desktop\BOARDING HOUSE INFORMATION MANAGEMENT SYSTEM\venv\Lib\site-packages\django\core\checks\urls.py", line 14, in check_url_config
    return check_resolver(resolver)
  File "C:\Users\Admin\Desktop\BOARDING HOUSE INFORMATION MANAGEMENT SYSTEM\venv\Lib\site-packages\django\core\checks\urls.py", line 24, in check_resolver
    return check_method()
  File "C:\Users\Admin\Desktop\BOARDING HOUSE INFORMATION MANAGEMENT SYSTEM\venv\Lib\site-packages\django\urls\resolvers.py", line 494, in check
    for pattern in self.url_patterns:
                   ^^^^^^^^^^^^^^^^^
  File "C:\Users\Admin\Desktop\BOARDING HOUSE INFORMATION MANAGEMENT SYSTEM\venv\Lib\site-packages\django\utils\functional.py", line 57, in __get__
    res = instance.__dict__[self.name] = self.func(instance)
                                         ~~~~~~~~~^^^^^^^^^^
  File "C:\Users\Admin\Desktop\BOARDING HOUSE INFORMATION MANAGEMENT SYSTEM\venv\Lib\site-packages\django\urls\resolvers.py", line 715, in url_patterns
    patterns = getattr(self.urlconf_module, "urlpatterns", self.urlconf_module)
                       ^^^^^^^^^^^^^^^^^^^
  File "C:\Users\Admin\Desktop\BOARDING HOUSE INFORMATION MANAGEMENT SYSTEM\venv\Lib\site-packages\django\utils\functional.py", line 57, in __get__
    res = instance.__dict__[self.name] = self.func(instance)
                                         ~~~~~~~~~^^^^^^^^^^
  File "C:\Users\Admin\Desktop\BOARDING HOUSE INFORMATION MANAGEMENT SYSTEM\venv\Lib\site-packages\django\urls\resolvers.py", line 708, in urlconf_module
    return import_module(self.urlconf_name)
  File "C:\Python314\Lib\importlib\__init__.py", line 88, in import_module
    return _bootstrap._gcd_import(name[level:], package, level)
           ~~~~~~~~~~~~~~~~~~~~~~^^^^^^^^^^^^^^^^^^^^^^^^^^^^^^
  File "<frozen importlib._bootstrap>", line 1398, in _gcd_import
  File "<frozen importlib._bootstrap>", line 1371, in _find_and_load
  File "<frozen importlib._bootstrap>", line 1342, in _find_and_load_unlocked
  File "<frozen importlib._bootstrap>", line 938, in _load_unlocked
  File "<frozen importlib._bootstrap_external>", line 759, in exec_module
  File "<frozen importlib._bootstrap>", line 491, in _call_with_frames_removed
  File "C:\Users\Admin\Desktop\BOARDING HOUSE INFORMATION MANAGEMENT SYSTEM\myproject\urls.py", line 22, in <module>
    path('', include('core.urls')),
             ~~~~~~~^^^^^^^^^^^^^
  File "C:\Users\Admin\Desktop\BOARDING HOUSE INFORMATION MANAGEMENT SYSTEM\venv\Lib\site-packages\django\urls\conf.py", line 38, in include
    urlconf_module = import_module(urlconf_module)
  File "C:\Python314\Lib\importlib\__init__.py", line 88, in import_module
    return _bootstrap._gcd_import(name[level:], package, level)
           ~~~~~~~~~~~~~~~~~~~~~~^^^^^^^^^^^^^^^^^^^^^^^^^^^^^^
  File "<frozen importlib._bootstrap>", line 1398, in _gcd_import
  File "<frozen importlib._bootstrap>", line 1371, in _find_and_load
  File "<frozen importlib._bootstrap>", line 1342, in _find_and_load_unlocked
  File "<frozen importlib._bootstrap>", line 938, in _load_unlocked
  File "<frozen importlib._bootstrap_external>", line 759, in exec_module
  File "<frozen importlib._bootstrap>", line 491, in _call_with_frames_removed
  File "C:\Users\Admin\Desktop\BOARDING HOUSE INFORMATION MANAGEMENT SYSTEM\core\urls.py", line 3, in <module>
    from . import views
  File "C:\Users\Admin\Desktop\BOARDING HOUSE INFORMATION MANAGEMENT SYSTEM\core\views.py", line 16, in <module>
    from .models import BoardingHouse, User, Student, Landlord, BoardingHouseImage, Booking, InquiryMessage
ImportError: cannot import name 'InquiryMessage' from 'core.models' (C:\Users\Admin\Desktop\BOARDING HOUSE INFORMATION MANAGEMENT SYSTEM\core\models.py)
C:\Users\Admin\Desktop\BOARDING HOUSE INFORMATION MANAGEMENT SYSTEM\core\models.py changed, reloading.
Performing system checks...

Watching for file changes with StatReloader
Exception in thread django-main-thread:
Traceback (most recent call last):
  File "C:\Python314\Lib\threading.py", line 1082, in _bootstrap_inner
    self._context.run(self.run)
    ~~~~~~~~~~~~~~~~~^^^^^^^^^^
  File "C:\Python314\Lib\threading.py", line 1024, in run
    self._target(*self._args, **self._kwargs)
    ~~~~~~~~~~~~^^^^^^^^^^^^^^^^^^^^^^^^^^^^^
  File "C:\Users\Admin\Desktop\BOARDING HOUSE INFORMATION MANAGEMENT SYSTEM\venv\Lib\site-packages\django\utils\autoreload.py", line 64, in wrapper
    fn(*args, **kwargs)
    ~~^^^^^^^^^^^^^^^^^
  File "C:\Users\Admin\Desktop\BOARDING HOUSE INFORMATION MANAGEMENT SYSTEM\venv\Lib\site-packages\django\core\management\commands\runserver.py", line 125, in inner_run
    autoreload.raise_last_exception()
    ~~~~~~~~~~~~~~~~~~~~~~~~~~~~~~~^^
  File "C:\Users\Admin\Desktop\BOARDING HOUSE INFORMATION MANAGEMENT SYSTEM\venv\Lib\site-packages\django\utils\autoreload.py", line 87, in raise_last_exception
    raise _exception[1]
  File "C:\Users\Admin\Desktop\BOARDING HOUSE INFORMATION MANAGEMENT SYSTEM\venv\Lib\site-packages\django\core\management\__init__.py", line 394, in execute
    autoreload.check_errors(django.setup)()
    ~~~~~~~~~~~~~~~~~~~~~~~~~~~~~~~~~~~~~^^
  File "C:\Users\Admin\Desktop\BOARDING HOUSE INFORMATION MANAGEMENT SYSTEM\venv\Lib\site-packages\django\utils\autoreload.py", line 64, in wrapper
    fn(*args, **kwargs)
    ~~^^^^^^^^^^^^^^^^^
  File "C:\Users\Admin\Desktop\BOARDING HOUSE INFORMATION MANAGEMENT SYSTEM\venv\Lib\site-packages\django\__init__.py", line 24, in setup
    apps.populate(settings.INSTALLED_APPS)
    ~~~~~~~~~~~~~^^^^^^^^^^^^^^^^^^^^^^^^^
  File "C:\Users\Admin\Desktop\BOARDING HOUSE INFORMATION MANAGEMENT SYSTEM\venv\Lib\site-packages\django\apps\registry.py", line 124, in populate
    app_config.ready()
    ~~~~~~~~~~~~~~~~^^
  File "C:\Users\Admin\Desktop\BOARDING HOUSE INFORMATION MANAGEMENT SYSTEM\venv\Lib\site-packages\django\contrib\admin\apps.py", line 27, in ready
    self.module.autodiscover()
    ~~~~~~~~~~~~~~~~~~~~~~~~^^
  File "C:\Users\Admin\Desktop\BOARDING HOUSE INFORMATION MANAGEMENT SYSTEM\venv\Lib\site-packages\django\contrib\admin\__init__.py", line 50, in autodiscover
    autodiscover_modules("admin", register_to=site)
    ~~~~~~~~~~~~~~~~~~~~^^^^^^^^^^^^^^^^^^^^^^^^^^^
  File "C:\Users\Admin\Desktop\BOARDING HOUSE INFORMATION MANAGEMENT SYSTEM\venv\Lib\site-packages\django\utils\module_loading.py", line 58, in autodiscover_modules
    import_module("%s.%s" % (app_config.name, module_to_search))
    ~~~~~~~~~~~~~^^^^^^^^^^^^^^^^^^^^^^^^^^^^^^^^^^^^^^^^^^^^^^^
  File "C:\Python314\Lib\importlib\__init__.py", line 88, in import_module
    return _bootstrap._gcd_import(name[level:], package, level)
           ~~~~~~~~~~~~~~~~~~~~~~^^^^^^^^^^^^^^^^^^^^^^^^^^^^^^
  File "<frozen importlib._bootstrap>", line 1398, in _gcd_import
  File "<frozen importlib._bootstrap>", line 1371, in _find_and_load
  File "<frozen importlib._bootstrap>", line 1342, in _find_and_load_unlocked
  File "<frozen importlib._bootstrap>", line 938, in _load_unlocked
  File "<frozen importlib._bootstrap_external>", line 759, in exec_module
  File "<frozen importlib._bootstrap>", line 491, in _call_with_frames_removed
  File "C:\Users\Admin\Desktop\BOARDING HOUSE INFORMATION MANAGEMENT SYSTEM\core\admin.py", line 6, in <module>
    from .models import (
    ...<2 lines>...
    )
ImportError: cannot import name 'Student' from 'core.models' (C:\Users\Admin\Desktop\BOARDING HOUSE INFORMATION MANAGEMENT SYSTEM\core\models.py)
C:\Users\Admin\Desktop\BOARDING HOUSE INFORMATION MANAGEMENT SYSTEM\core\admin.py changed, reloading.
Watching for file changes with StatReloader
Exception in thread django-main-thread:
Traceback (most recent call last):
  File "C:\Python314\Lib\threading.py", line 1082, in _bootstrap_inner
    self._context.run(self.run)
    ~~~~~~~~~~~~~~~~~^^^^^^^^^^
  File "C:\Python314\Lib\threading.py", line 1024, in run
    self._target(*self._args, **self._kwargs)
    ~~~~~~~~~~~~^^^^^^^^^^^^^^^^^^^^^^^^^^^^^
  File "C:\Users\Admin\Desktop\BOARDING HOUSE INFORMATION MANAGEMENT SYSTEM\venv\Lib\site-packages\django\utils\autoreload.py", line 64, in wrapper
    fn(*args, **kwargs)
    ~~^^^^^^^^^^^^^^^^^
  File "C:\Users\Admin\Desktop\BOARDING HOUSE INFORMATION MANAGEMENT SYSTEM\venv\Lib\site-packages\django\core\management\commands\runserver.py", line 125, in inner_run
    autoreload.raise_last_exception()
    ~~~~~~~~~~~~~~~~~~~~~~~~~~~~~~~^^
  File "C:\Users\Admin\Desktop\BOARDING HOUSE INFORMATION MANAGEMENT SYSTEM\venv\Lib\site-packages\django\utils\autoreload.py", line 87, in raise_last_exception
    raise _exception[1]
  File "C:\Users\Admin\Desktop\BOARDING HOUSE INFORMATION MANAGEMENT SYSTEM\venv\Lib\site-packages\django\core\management\__init__.py", line 394, in execute
    autoreload.check_errors(django.setup)()
    ~~~~~~~~~~~~~~~~~~~~~~~~~~~~~~~~~~~~~^^
  File "C:\Users\Admin\Desktop\BOARDING HOUSE INFORMATION MANAGEMENT SYSTEM\venv\Lib\site-packages\django\utils\autoreload.py", line 64, in wrapper
    fn(*args, **kwargs)
    ~~^^^^^^^^^^^^^^^^^
  File "C:\Users\Admin\Desktop\BOARDING HOUSE INFORMATION MANAGEMENT SYSTEM\venv\Lib\site-packages\django\__init__.py", line 24, in setup
    apps.populate(settings.INSTALLED_APPS)
    ~~~~~~~~~~~~~^^^^^^^^^^^^^^^^^^^^^^^^^
  File "C:\Users\Admin\Desktop\BOARDING HOUSE INFORMATION MANAGEMENT SYSTEM\venv\Lib\site-packages\django\apps\registry.py", line 124, in populate
    app_config.ready()
    ~~~~~~~~~~~~~~~~^^
  File "C:\Users\Admin\Desktop\BOARDING HOUSE INFORMATION MANAGEMENT SYSTEM\venv\Lib\site-packages\django\contrib\admin\apps.py", line 27, in ready
    self.module.autodiscover()
    ~~~~~~~~~~~~~~~~~~~~~~~~^^
  File "C:\Users\Admin\Desktop\BOARDING HOUSE INFORMATION MANAGEMENT SYSTEM\venv\Lib\site-packages\django\contrib\admin\__init__.py", line 50, in autodiscover
    autodiscover_modules("admin", register_to=site)
    ~~~~~~~~~~~~~~~~~~~~^^^^^^^^^^^^^^^^^^^^^^^^^^^
  File "C:\Users\Admin\Desktop\BOARDING HOUSE INFORMATION MANAGEMENT SYSTEM\venv\Lib\site-packages\django\utils\module_loading.py", line 58, in autodiscover_modules
    import_module("%s.%s" % (app_config.name, module_to_search))
    ~~~~~~~~~~~~~^^^^^^^^^^^^^^^^^^^^^^^^^^^^^^^^^^^^^^^^^^^^^^^
  File "C:\Python314\Lib\importlib\__init__.py", line 88, in import_module
    return _bootstrap._gcd_import(name[level:], package, level)
           ~~~~~~~~~~~~~~~~~~~~~~^^^^^^^^^^^^^^^^^^^^^^^^^^^^^^
  File "<frozen importlib._bootstrap>", line 1398, in _gcd_import
  File "<frozen importlib._bootstrap>", line 1371, in _find_and_load
  File "<frozen importlib._bootstrap>", line 1342, in _find_and_load_unlocked
  File "<frozen importlib._bootstrap>", line 938, in _load_unlocked
  File "<frozen importlib._bootstrap_external>", line 759, in exec_module
  File "<frozen importlib._bootstrap>", line 491, in _call_with_frames_removed
  File "C:\Users\Admin\Desktop\BOARDING HOUSE INFORMATION MANAGEMENT SYSTEM\core\admin.py", line 30, in <module>
    class BoardingHouseImageInline(admin.TabularInline):
    ...<2 lines>...
        fields = ('ImagePath', 'IsPrimary')
  File "C:\Users\Admin\Desktop\BOARDING HOUSE INFORMATION MANAGEMENT SYSTEM\core\admin.py", line 31, in BoardingHouseImageInline
    model = BoardingHouseImage
            ^^^^^^^^^^^^^^^^^^
NameError: name 'BoardingHouseImage' is not defined. Did you mean: 'BoardingHouse'?
C:\Users\Admin\Desktop\BOARDING HOUSE INFORMATION MANAGEMENT SYSTEM\core\admin.py changed, reloading.
Watching for file changes with StatReloader
Exception in thread django-main-thread:
Traceback (most recent call last):
  File "C:\Users\Admin\Desktop\BOARDING HOUSE INFORMATION MANAGEMENT SYSTEM\venv\Lib\site-packages\django\db\migrations\loader.py", line 187, in check_key
    return self.graph.root_nodes(key[0])[0]
           ~~~~~~~~~~~~~~~~~~~~~~~~~~~~~^^^
IndexError: list index out of range

During handling of the above exception, another exception occurred:

Traceback (most recent call last):
  File "C:\Python314\Lib\threading.py", line 1082, in _bootstrap_inner
    self._context.run(self.run)
    ~~~~~~~~~~~~~~~~~^^^^^^^^^^
  File "C:\Python314\Lib\threading.py", line 1024, in run
    self._target(*self._args, **self._kwargs)
    ~~~~~~~~~~~~^^^^^^^^^^^^^^^^^^^^^^^^^^^^^
  File "C:\Users\Admin\Desktop\BOARDING HOUSE INFORMATION MANAGEMENT SYSTEM\venv\Lib\site-packages\django\utils\autoreload.py", line 64, in wrapper
    fn(*args, **kwargs)
    ~~^^^^^^^^^^^^^^^^^
  File "C:\Users\Admin\Desktop\BOARDING HOUSE INFORMATION MANAGEMENT SYSTEM\venv\Lib\site-packages\django\core\management\commands\runserver.py", line 136, in inner_run
    self.check_migrations()
    ~~~~~~~~~~~~~~~~~~~~~^^
  File "C:\Users\Admin\Desktop\BOARDING HOUSE INFORMATION MANAGEMENT SYSTEM\venv\Lib\site-packages\django\core\management\base.py", line 574, in check_migrations
    executor = MigrationExecutor(connections[DEFAULT_DB_ALIAS])
  File "C:\Users\Admin\Desktop\BOARDING HOUSE INFORMATION MANAGEMENT SYSTEM\venv\Lib\site-packages\django\db\migrations\executor.py", line 18, in __init__
    self.loader = MigrationLoader(self.connection)
                  ~~~~~~~~~~~~~~~^^^^^^^^^^^^^^^^^
  File "C:\Users\Admin\Desktop\BOARDING HOUSE INFORMATION MANAGEMENT SYSTEM\venv\Lib\site-packages\django\db\migrations\loader.py", line 58, in __init__
    self.build_graph()
    ~~~~~~~~~~~~~~~~^^
  File "C:\Users\Admin\Desktop\BOARDING HOUSE INFORMATION MANAGEMENT SYSTEM\venv\Lib\site-packages\django\db\migrations\loader.py", line 250, in build_graph
    self.add_external_dependencies(key, migration)
    ~~~~~~~~~~~~~~~~~~~~~~~~~~~~~~^^^^^^^^^^^^^^^^
  File "C:\Users\Admin\Desktop\BOARDING HOUSE INFORMATION MANAGEMENT SYSTEM\venv\Lib\site-packages\django\db\migrations\loader.py", line 214, in add_external_dependencies
    parent = self.check_key(parent, key[0])
  File "C:\Users\Admin\Desktop\BOARDING HOUSE INFORMATION MANAGEMENT SYSTEM\venv\Lib\site-packages\django\db\migrations\loader.py", line 194, in check_key
    raise ValueError(
        "Dependency on app with no migrations: %s" % key[0]
    )
ValueError: Dependency on app with no migrations: core
C:\Users\Admin\Desktop\BOARDING HOUSE INFORMATION MANAGEMENT SYSTEM\core\views.py changed, reloading.
Performing system checks...

System check identified no issues (0 silenced).
Watching for file changes with StatReloader
Exception in thread django-main-thread:
Traceback (most recent call last):
  File "C:\Users\Admin\Desktop\BOARDING HOUSE INFORMATION MANAGEMENT SYSTEM\venv\Lib\site-packages\django\db\migrations\loader.py", line 187, in check_key
    return self.graph.root_nodes(key[0])[0]
           ~~~~~~~~~~~~~~~~~~~~~~~~~~~~~^^^
IndexError: list index out of range

During handling of the above exception, another exception occurred:

Traceback (most recent call last):
  File "C:\Python314\Lib\threading.py", line 1082, in _bootstrap_inner
    self._context.run(self.run)
    ~~~~~~~~~~~~~~~~~^^^^^^^^^^
  File "C:\Python314\Lib\threading.py", line 1024, in run
    self._target(*self._args, **self._kwargs)
    ~~~~~~~~~~~~^^^^^^^^^^^^^^^^^^^^^^^^^^^^^
  File "C:\Users\Admin\Desktop\BOARDING HOUSE INFORMATION MANAGEMENT SYSTEM\venv\Lib\site-packages\django\utils\autoreload.py", line 64, in wrapper
    fn(*args, **kwargs)
    ~~^^^^^^^^^^^^^^^^^
  File "C:\Users\Admin\Desktop\BOARDING HOUSE INFORMATION MANAGEMENT SYSTEM\venv\Lib\site-packages\django\core\management\commands\runserver.py", line 136, in inner_run
    self.check_migrations()
    ~~~~~~~~~~~~~~~~~~~~~^^
  File "C:\Users\Admin\Desktop\BOARDING HOUSE INFORMATION MANAGEMENT SYSTEM\venv\Lib\site-packages\django\core\management\base.py", line 574, in check_migrations
    executor = MigrationExecutor(connections[DEFAULT_DB_ALIAS])
  File "C:\Users\Admin\Desktop\BOARDING HOUSE INFORMATION MANAGEMENT SYSTEM\venv\Lib\site-packages\django\db\migrations\executor.py", line 18, in __init__
    self.loader = MigrationLoader(self.connection)
                  ~~~~~~~~~~~~~~~^^^^^^^^^^^^^^^^^
  File "C:\Users\Admin\Desktop\BOARDING HOUSE INFORMATION MANAGEMENT SYSTEM\venv\Lib\site-packages\django\db\migrations\loader.py", line 58, in __init__
    self.build_graph()
    ~~~~~~~~~~~~~~~~^^
  File "C:\Users\Admin\Desktop\BOARDING HOUSE INFORMATION MANAGEMENT SYSTEM\venv\Lib\site-packages\django\db\migrations\loader.py", line 250, in build_graph
    self.add_external_dependencies(key, migration)
    ~~~~~~~~~~~~~~~~~~~~~~~~~~~~~~^^^^^^^^^^^^^^^^
  File "C:\Users\Admin\Desktop\BOARDING HOUSE INFORMATION MANAGEMENT SYSTEM\venv\Lib\site-packages\django\db\migrations\loader.py", line 214, in add_external_dependencies
    parent = self.check_key(parent, key[0])
  File "C:\Users\Admin\Desktop\BOARDING HOUSE INFORMATION MANAGEMENT SYSTEM\venv\Lib\site-packages\django\db\migrations\loader.py", line 194, in check_key
    raise ValueError(
        "Dependency on app with no migrations: %s" % key[0]
    )
ValueError: Dependency on app with no migrations: core
C:\Users\Admin\Desktop\BOARDING HOUSE INFORMATION MANAGEMENT SYSTEM\core\views.py changed, reloading.
Performing system checks...

System check identified no issues (0 silenced).
Watching for file changes with StatReloader
Exception in thread django-main-thread:
Traceback (most recent call last):
  File "C:\Users\Admin\Desktop\BOARDING HOUSE INFORMATION MANAGEMENT SYSTEM\venv\Lib\site-packages\django\db\migrations\loader.py", line 187, in check_key
    return self.graph.root_nodes(key[0])[0]
           ~~~~~~~~~~~~~~~~~~~~~~~~~~~~~^^^
IndexError: list index out of range

During handling of the above exception, another exception occurred:

Traceback (most recent call last):
  File "C:\Python314\Lib\threading.py", line 1082, in _bootstrap_inner
    self._context.run(self.run)
    ~~~~~~~~~~~~~~~~~^^^^^^^^^^
  File "C:\Python314\Lib\threading.py", line 1024, in run
    self._target(*self._args, **self._kwargs)
    ~~~~~~~~~~~~^^^^^^^^^^^^^^^^^^^^^^^^^^^^^
  File "C:\Users\Admin\Desktop\BOARDING HOUSE INFORMATION MANAGEMENT SYSTEM\venv\Lib\site-packages\django\utils\autoreload.py", line 64, in wrapper
    fn(*args, **kwargs)
    ~~^^^^^^^^^^^^^^^^^
  File "C:\Users\Admin\Desktop\BOARDING HOUSE INFORMATION MANAGEMENT SYSTEM\venv\Lib\site-packages\django\core\management\commands\runserver.py", line 136, in inner_run
    self.check_migrations()
    ~~~~~~~~~~~~~~~~~~~~~^^
  File "C:\Users\Admin\Desktop\BOARDING HOUSE INFORMATION MANAGEMENT SYSTEM\venv\Lib\site-packages\django\core\management\base.py", line 574, in check_migrations
    executor = MigrationExecutor(connections[DEFAULT_DB_ALIAS])
  File "C:\Users\Admin\Desktop\BOARDING HOUSE INFORMATION MANAGEMENT SYSTEM\venv\Lib\site-packages\django\db\migrations\executor.py", line 18, in __init__
    self.loader = MigrationLoader(self.connection)
                  ~~~~~~~~~~~~~~~^^^^^^^^^^^^^^^^^
  File "C:\Users\Admin\Desktop\BOARDING HOUSE INFORMATION MANAGEMENT SYSTEM\venv\Lib\site-packages\django\db\migrations\loader.py", line 58, in __init__
    self.build_graph()
    ~~~~~~~~~~~~~~~~^^
  File "C:\Users\Admin\Desktop\BOARDING HOUSE INFORMATION MANAGEMENT SYSTEM\venv\Lib\site-packages\django\db\migrations\loader.py", line 250, in build_graph
    self.add_external_dependencies(key, migration)
    ~~~~~~~~~~~~~~~~~~~~~~~~~~~~~~^^^^^^^^^^^^^^^^
  File "C:\Users\Admin\Desktop\BOARDING HOUSE INFORMATION MANAGEMENT SYSTEM\venv\Lib\site-packages\django\db\migrations\loader.py", line 214, in add_external_dependencies
    parent = self.check_key(parent, key[0])
  File "C:\Users\Admin\Desktop\BOARDING HOUSE INFORMATION MANAGEMENT SYSTEM\venv\Lib\site-packages\django\db\migrations\loader.py", line 194, in check_key
    raise ValueError(
        "Dependency on app with no migrations: %s" % key[0]
    )
ValueError: Dependency on app with no migrations: core
C:\Users\Admin\Desktop\BOARDING HOUSE INFORMATION MANAGEMENT SYSTEM\core\views.py changed, reloading.
Performing system checks...

System check identified no issues (0 silenced).
Watching for file changes with StatReloader
Exception in thread django-main-thread:
Traceback (most recent call last):
  File "C:\Users\Admin\Desktop\BOARDING HOUSE INFORMATION MANAGEMENT SYSTEM\venv\Lib\site-packages\django\db\migrations\loader.py", line 187, in check_key
    return self.graph.root_nodes(key[0])[0]
           ~~~~~~~~~~~~~~~~~~~~~~~~~~~~~^^^
IndexError: list index out of range

During handling of the above exception, another exception occurred:

Traceback (most recent call last):
  File "C:\Python314\Lib\threading.py", line 1082, in _bootstrap_inner
    self._context.run(self.run)
    ~~~~~~~~~~~~~~~~~^^^^^^^^^^
  File "C:\Python314\Lib\threading.py", line 1024, in run
    self._target(*self._args, **self._kwargs)
    ~~~~~~~~~~~~^^^^^^^^^^^^^^^^^^^^^^^^^^^^^
  File "C:\Users\Admin\Desktop\BOARDING HOUSE INFORMATION MANAGEMENT SYSTEM\venv\Lib\site-packages\django\utils\autoreload.py", line 64, in wrapper
    fn(*args, **kwargs)
    ~~^^^^^^^^^^^^^^^^^
  File "C:\Users\Admin\Desktop\BOARDING HOUSE INFORMATION MANAGEMENT SYSTEM\venv\Lib\site-packages\django\core\management\commands\runserver.py", line 136, in inner_run
    self.check_migrations()
    ~~~~~~~~~~~~~~~~~~~~~^^
  File "C:\Users\Admin\Desktop\BOARDING HOUSE INFORMATION MANAGEMENT SYSTEM\venv\Lib\site-packages\django\core\management\base.py", line 574, in check_migrations
    executor = MigrationExecutor(connections[DEFAULT_DB_ALIAS])
  File "C:\Users\Admin\Desktop\BOARDING HOUSE INFORMATION MANAGEMENT SYSTEM\venv\Lib\site-packages\django\db\migrations\executor.py", line 18, in __init__
    self.loader = MigrationLoader(self.connection)
                  ~~~~~~~~~~~~~~~^^^^^^^^^^^^^^^^^
  File "C:\Users\Admin\Desktop\BOARDING HOUSE INFORMATION MANAGEMENT SYSTEM\venv\Lib\site-packages\django\db\migrations\loader.py", line 58, in __init__
    self.build_graph()
    ~~~~~~~~~~~~~~~~^^
  File "C:\Users\Admin\Desktop\BOARDING HOUSE INFORMATION MANAGEMENT SYSTEM\venv\Lib\site-packages\django\db\migrations\loader.py", line 250, in build_graph
    self.add_external_dependencies(key, migration)
    ~~~~~~~~~~~~~~~~~~~~~~~~~~~~~~^^^^^^^^^^^^^^^^
  File "C:\Users\Admin\Desktop\BOARDING HOUSE INFORMATION MANAGEMENT SYSTEM\venv\Lib\site-packages\django\db\migrations\loader.py", line 214, in add_external_dependencies
    parent = self.check_key(parent, key[0])
  File "C:\Users\Admin\Desktop\BOARDING HOUSE INFORMATION MANAGEMENT SYSTEM\venv\Lib\site-packages\django\db\migrations\loader.py", line 194, in check_key
    raise ValueError(
        "Dependency on app with no migrations: %s" % key[0]
    )
ValueError: Dependency on app with no migrations: core
C:\Users\Admin\Desktop\BOARDING HOUSE INFORMATION MANAGEMENT SYSTEM\core\views.py changed, reloading.
Performing system checks...

System check identified no issues (0 silenced).
Watching for file changes with StatReloader
Exception in thread django-main-thread:
Traceback (most recent call last):
  File "C:\Users\Admin\Desktop\BOARDING HOUSE INFORMATION MANAGEMENT SYSTEM\venv\Lib\site-packages\django\db\migrations\loader.py", line 187, in check_key
    return self.graph.root_nodes(key[0])[0]
           ~~~~~~~~~~~~~~~~~~~~~~~~~~~~~^^^
IndexError: list index out of range

During handling of the above exception, another exception occurred:

Traceback (most recent call last):
  File "C:\Python314\Lib\threading.py", line 1082, in _bootstrap_inner
    self._context.run(self.run)
    ~~~~~~~~~~~~~~~~~^^^^^^^^^^
  File "C:\Python314\Lib\threading.py", line 1024, in run
    self._target(*self._args, **self._kwargs)
    ~~~~~~~~~~~~^^^^^^^^^^^^^^^^^^^^^^^^^^^^^
  File "C:\Users\Admin\Desktop\BOARDING HOUSE INFORMATION MANAGEMENT SYSTEM\venv\Lib\site-packages\django\utils\autoreload.py", line 64, in wrapper
    fn(*args, **kwargs)
    ~~^^^^^^^^^^^^^^^^^
  File "C:\Users\Admin\Desktop\BOARDING HOUSE INFORMATION MANAGEMENT SYSTEM\venv\Lib\site-packages\django\core\management\commands\runserver.py", line 136, in inner_run
    self.check_migrations()
    ~~~~~~~~~~~~~~~~~~~~~^^
  File "C:\Users\Admin\Desktop\BOARDING HOUSE INFORMATION MANAGEMENT SYSTEM\venv\Lib\site-packages\django\core\management\base.py", line 574, in check_migrations
    executor = MigrationExecutor(connections[DEFAULT_DB_ALIAS])
  File "C:\Users\Admin\Desktop\BOARDING HOUSE INFORMATION MANAGEMENT SYSTEM\venv\Lib\site-packages\django\db\migrations\executor.py", line 18, in __init__
    self.loader = MigrationLoader(self.connection)
                  ~~~~~~~~~~~~~~~^^^^^^^^^^^^^^^^^
  File "C:\Users\Admin\Desktop\BOARDING HOUSE INFORMATION MANAGEMENT SYSTEM\venv\Lib\site-packages\django\db\migrations\loader.py", line 58, in __init__
    self.build_graph()
    ~~~~~~~~~~~~~~~~^^
  File "C:\Users\Admin\Desktop\BOARDING HOUSE INFORMATION MANAGEMENT SYSTEM\venv\Lib\site-packages\django\db\migrations\loader.py", line 250, in build_graph
    self.add_external_dependencies(key, migration)
    ~~~~~~~~~~~~~~~~~~~~~~~~~~~~~~^^^^^^^^^^^^^^^^
  File "C:\Users\Admin\Desktop\BOARDING HOUSE INFORMATION MANAGEMENT SYSTEM\venv\Lib\site-packages\django\db\migrations\loader.py", line 214, in add_external_dependencies
    parent = self.check_key(parent, key[0])
  File "C:\Users\Admin\Desktop\BOARDING HOUSE INFORMATION MANAGEMENT SYSTEM\venv\Lib\site-packages\django\db\migrations\loader.py", line 194, in check_key
    raise ValueError(
        "Dependency on app with no migrations: %s" % key[0]
    )
ValueError: Dependency on app with no migrations: core
C:\Users\Admin\Desktop\BOARDING HOUSE INFORMATION MANAGEMENT SYSTEM\core\views.py changed, reloading.
Performing system checks...

System check identified no issues (0 silenced).
Watching for file changes with StatReloader
Exception in thread django-main-thread:
Traceback (most recent call last):
  File "C:\Users\Admin\Desktop\BOARDING HOUSE INFORMATION MANAGEMENT SYSTEM\venv\Lib\site-packages\django\db\migrations\loader.py", line 187, in check_key
    return self.graph.root_nodes(key[0])[0]
           ~~~~~~~~~~~~~~~~~~~~~~~~~~~~~^^^
IndexError: list index out of range

During handling of the above exception, another exception occurred:

Traceback (most recent call last):
  File "C:\Python314\Lib\threading.py", line 1082, in _bootstrap_inner
    self._context.run(self.run)
    ~~~~~~~~~~~~~~~~~^^^^^^^^^^
  File "C:\Python314\Lib\threading.py", line 1024, in run
    self._target(*self._args, **self._kwargs)
    ~~~~~~~~~~~~^^^^^^^^^^^^^^^^^^^^^^^^^^^^^
  File "C:\Users\Admin\Desktop\BOARDING HOUSE INFORMATION MANAGEMENT SYSTEM\venv\Lib\site-packages\django\utils\autoreload.py", line 64, in wrapper
    fn(*args, **kwargs)
    ~~^^^^^^^^^^^^^^^^^
  File "C:\Users\Admin\Desktop\BOARDING HOUSE INFORMATION MANAGEMENT SYSTEM\venv\Lib\site-packages\django\core\management\commands\runserver.py", line 136, in inner_run
    self.check_migrations()
    ~~~~~~~~~~~~~~~~~~~~~^^
  File "C:\Users\Admin\Desktop\BOARDING HOUSE INFORMATION MANAGEMENT SYSTEM\venv\Lib\site-packages\django\core\management\base.py", line 574, in check_migrations
    executor = MigrationExecutor(connections[DEFAULT_DB_ALIAS])
  File "C:\Users\Admin\Desktop\BOARDING HOUSE INFORMATION MANAGEMENT SYSTEM\venv\Lib\site-packages\django\db\migrations\executor.py", line 18, in __init__
    self.loader = MigrationLoader(self.connection)
                  ~~~~~~~~~~~~~~~^^^^^^^^^^^^^^^^^
  File "C:\Users\Admin\Desktop\BOARDING HOUSE INFORMATION MANAGEMENT SYSTEM\venv\Lib\site-packages\django\db\migrations\loader.py", line 58, in __init__
    self.build_graph()
    ~~~~~~~~~~~~~~~~^^
  File "C:\Users\Admin\Desktop\BOARDING HOUSE INFORMATION MANAGEMENT SYSTEM\venv\Lib\site-packages\django\db\migrations\loader.py", line 250, in build_graph
    self.add_external_dependencies(key, migration)
    ~~~~~~~~~~~~~~~~~~~~~~~~~~~~~~^^^^^^^^^^^^^^^^
  File "C:\Users\Admin\Desktop\BOARDING HOUSE INFORMATION MANAGEMENT SYSTEM\venv\Lib\site-packages\django\db\migrations\loader.py", line 214, in add_external_dependencies
    parent = self.check_key(parent, key[0])
  File "C:\Users\Admin\Desktop\BOARDING HOUSE INFORMATION MANAGEMENT SYSTEM\venv\Lib\site-packages\django\db\migrations\loader.py", line 194, in check_key
    raise ValueError(
        "Dependency on app with no migrations: %s" % key[0]
    )
ValueError: Dependency on app with no migrations: core
C:\Users\Admin\Desktop\BOARDING HOUSE INFORMATION MANAGEMENT SYSTEM\core\views.py changed, reloading.
Performing system checks...

System check identified no issues (0 silenced).
Watching for file changes with StatReloader
Exception in thread django-main-thread:
Traceback (most recent call last):
  File "C:\Users\Admin\Desktop\BOARDING HOUSE INFORMATION MANAGEMENT SYSTEM\venv\Lib\site-packages\django\db\migrations\loader.py", line 187, in check_key
    return self.graph.root_nodes(key[0])[0]
           ~~~~~~~~~~~~~~~~~~~~~~~~~~~~~^^^
IndexError: list index out of range

During handling of the above exception, another exception occurred:

Traceback (most recent call last):
  File "C:\Python314\Lib\threading.py", line 1082, in _bootstrap_inner
    self._context.run(self.run)
    ~~~~~~~~~~~~~~~~~^^^^^^^^^^
  File "C:\Python314\Lib\threading.py", line 1024, in run
    self._target(*self._args, **self._kwargs)
    ~~~~~~~~~~~~^^^^^^^^^^^^^^^^^^^^^^^^^^^^^
  File "C:\Users\Admin\Desktop\BOARDING HOUSE INFORMATION MANAGEMENT SYSTEM\venv\Lib\site-packages\django\utils\autoreload.py", line 64, in wrapper
    fn(*args, **kwargs)
    ~~^^^^^^^^^^^^^^^^^
  File "C:\Users\Admin\Desktop\BOARDING HOUSE INFORMATION MANAGEMENT SYSTEM\venv\Lib\site-packages\django\core\management\commands\runserver.py", line 136, in inner_run
    self.check_migrations()
    ~~~~~~~~~~~~~~~~~~~~~^^
  File "C:\Users\Admin\Desktop\BOARDING HOUSE INFORMATION MANAGEMENT SYSTEM\venv\Lib\site-packages\django\core\management\base.py", line 574, in check_migrations
    executor = MigrationExecutor(connections[DEFAULT_DB_ALIAS])
  File "C:\Users\Admin\Desktop\BOARDING HOUSE INFORMATION MANAGEMENT SYSTEM\venv\Lib\site-packages\django\db\migrations\executor.py", line 18, in __init__
    self.loader = MigrationLoader(self.connection)
                  ~~~~~~~~~~~~~~~^^^^^^^^^^^^^^^^^
  File "C:\Users\Admin\Desktop\BOARDING HOUSE INFORMATION MANAGEMENT SYSTEM\venv\Lib\site-packages\django\db\migrations\loader.py", line 58, in __init__
    self.build_graph()
    ~~~~~~~~~~~~~~~~^^
  File "C:\Users\Admin\Desktop\BOARDING HOUSE INFORMATION MANAGEMENT SYSTEM\venv\Lib\site-packages\django\db\migrations\loader.py", line 250, in build_graph
    self.add_external_dependencies(key, migration)
    ~~~~~~~~~~~~~~~~~~~~~~~~~~~~~~^^^^^^^^^^^^^^^^
  File "C:\Users\Admin\Desktop\BOARDING HOUSE INFORMATION MANAGEMENT SYSTEM\venv\Lib\site-packages\django\db\migrations\loader.py", line 214, in add_external_dependencies
    parent = self.check_key(parent, key[0])
  File "C:\Users\Admin\Desktop\BOARDING HOUSE INFORMATION MANAGEMENT SYSTEM\venv\Lib\site-packages\django\db\migrations\loader.py", line 194, in check_key
    raise ValueError(
        "Dependency on app with no migrations: %s" % key[0]
    )
ValueError: Dependency on app with no migrations: core
C:\Users\Admin\Desktop\BOARDING HOUSE INFORMATION MANAGEMENT SYSTEM\core\views.py changed, reloading.
Performing system checks...

System check identified no issues (0 silenced).
Watching for file changes with StatReloader
Exception in thread django-main-thread:
Traceback (most recent call last):
  File "C:\Python314\Lib\threading.py", line 1082, in _bootstrap_inner
    self._context.run(self.run)
    ~~~~~~~~~~~~~~~~~^^^^^^^^^^
  File "C:\Python314\Lib\threading.py", line 1024, in run
    self._target(*self._args, **self._kwargs)
    ~~~~~~~~~~~~^^^^^^^^^^^^^^^^^^^^^^^^^^^^^
  File "C:\Users\Admin\Desktop\BOARDING HOUSE INFORMATION MANAGEMENT SYSTEM\venv\Lib\site-packages\django\utils\autoreload.py", line 64, in wrapper
    fn(*args, **kwargs)
    ~~^^^^^^^^^^^^^^^^^
  File "C:\Users\Admin\Desktop\BOARDING HOUSE INFORMATION MANAGEMENT SYSTEM\venv\Lib\site-packages\django\core\management\commands\runserver.py", line 133, in inner_run
    self.check(display_num_errors=True)
    ~~~~~~~~~~^^^^^^^^^^^^^^^^^^^^^^^^^
  File "C:\Users\Admin\Desktop\BOARDING HOUSE INFORMATION MANAGEMENT SYSTEM\venv\Lib\site-packages\django\core\management\base.py", line 485, in check
    all_issues = checks.run_checks(
        app_configs=app_configs,
    ...<2 lines>...
        databases=databases,
    )
  File "C:\Users\Admin\Desktop\BOARDING HOUSE INFORMATION MANAGEMENT SYSTEM\venv\Lib\site-packages\django\core\checks\registry.py", line 88, in run_checks
    new_errors = check(app_configs=app_configs, databases=databases)
  File "C:\Users\Admin\Desktop\BOARDING HOUSE INFORMATION MANAGEMENT SYSTEM\venv\Lib\site-packages\django\core\checks\urls.py", line 14, in check_url_config
    return check_resolver(resolver)
  File "C:\Users\Admin\Desktop\BOARDING HOUSE INFORMATION MANAGEMENT SYSTEM\venv\Lib\site-packages\django\core\checks\urls.py", line 24, in check_resolver
    return check_method()
  File "C:\Users\Admin\Desktop\BOARDING HOUSE INFORMATION MANAGEMENT SYSTEM\venv\Lib\site-packages\django\urls\resolvers.py", line 494, in check
    for pattern in self.url_patterns:
                   ^^^^^^^^^^^^^^^^^
  File "C:\Users\Admin\Desktop\BOARDING HOUSE INFORMATION MANAGEMENT SYSTEM\venv\Lib\site-packages\django\utils\functional.py", line 57, in __get__
    res = instance.__dict__[self.name] = self.func(instance)
                                         ~~~~~~~~~^^^^^^^^^^
  File "C:\Users\Admin\Desktop\BOARDING HOUSE INFORMATION MANAGEMENT SYSTEM\venv\Lib\site-packages\django\urls\resolvers.py", line 715, in url_patterns
    patterns = getattr(self.urlconf_module, "urlpatterns", self.urlconf_module)
                       ^^^^^^^^^^^^^^^^^^^
  File "C:\Users\Admin\Desktop\BOARDING HOUSE INFORMATION MANAGEMENT SYSTEM\venv\Lib\site-packages\django\utils\functional.py", line 57, in __get__
    res = instance.__dict__[self.name] = self.func(instance)
                                         ~~~~~~~~~^^^^^^^^^^
  File "C:\Users\Admin\Desktop\BOARDING HOUSE INFORMATION MANAGEMENT SYSTEM\venv\Lib\site-packages\django\urls\resolvers.py", line 708, in urlconf_module
    return import_module(self.urlconf_name)
  File "C:\Python314\Lib\importlib\__init__.py", line 88, in import_module
    return _bootstrap._gcd_import(name[level:], package, level)
           ~~~~~~~~~~~~~~~~~~~~~~^^^^^^^^^^^^^^^^^^^^^^^^^^^^^^
  File "<frozen importlib._bootstrap>", line 1398, in _gcd_import
  File "<frozen importlib._bootstrap>", line 1371, in _find_and_load
  File "<frozen importlib._bootstrap>", line 1342, in _find_and_load_unlocked
  File "<frozen importlib._bootstrap>", line 938, in _load_unlocked
  File "<frozen importlib._bootstrap_external>", line 759, in exec_module
  File "<frozen importlib._bootstrap>", line 491, in _call_with_frames_removed
  File "C:\Users\Admin\Desktop\BOARDING HOUSE INFORMATION MANAGEMENT SYSTEM\myproject\urls.py", line 22, in <module>
    path('', include('core.urls')),
             ~~~~~~~^^^^^^^^^^^^^
  File "C:\Users\Admin\Desktop\BOARDING HOUSE INFORMATION MANAGEMENT SYSTEM\venv\Lib\site-packages\django\urls\conf.py", line 38, in include
    urlconf_module = import_module(urlconf_module)
  File "C:\Python314\Lib\importlib\__init__.py", line 88, in import_module
    return _bootstrap._gcd_import(name[level:], package, level)
           ~~~~~~~~~~~~~~~~~~~~~~^^^^^^^^^^^^^^^^^^^^^^^^^^^^^^
  File "<frozen importlib._bootstrap>", line 1398, in _gcd_import
  File "<frozen importlib._bootstrap>", line 1371, in _find_and_load
  File "<frozen importlib._bootstrap>", line 1342, in _find_and_load_unlocked
  File "<frozen importlib._bootstrap>", line 938, in _load_unlocked
  File "<frozen importlib._bootstrap_external>", line 759, in exec_module
  File "<frozen importlib._bootstrap>", line 491, in _call_with_frames_removed
  File "C:\Users\Admin\Desktop\BOARDING HOUSE INFORMATION MANAGEMENT SYSTEM\core\urls.py", line 11, in <module>
    path('students/dashboard/', views.student_dashboard, name='student_dashboard'),
                                ^^^^^^^^^^^^^^^^^^^^^^^
AttributeError: module 'core.views' has no attribute 'student_dashboard'
C:\Users\Admin\Desktop\BOARDING HOUSE INFORMATION MANAGEMENT SYSTEM\core\urls.py changed, reloading.
Performing system checks...

Watching for file changes with StatReloader
Exception in thread django-main-thread:
Traceback (most recent call last):
  File "C:\Users\Admin\Desktop\BOARDING HOUSE INFORMATION MANAGEMENT SYSTEM\venv\Lib\site-packages\django\db\migrations\loader.py", line 187, in check_key
    return self.graph.root_nodes(key[0])[0]
           ~~~~~~~~~~~~~~~~~~~~~~~~~~~~~^^^
IndexError: list index out of range

During handling of the above exception, another exception occurred:

Traceback (most recent call last):
  File "C:\Python314\Lib\threading.py", line 1082, in _bootstrap_inner
    self._context.run(self.run)
    ~~~~~~~~~~~~~~~~~^^^^^^^^^^
  File "C:\Python314\Lib\threading.py", line 1024, in run
    self._target(*self._args, **self._kwargs)
    ~~~~~~~~~~~~^^^^^^^^^^^^^^^^^^^^^^^^^^^^^
  File "C:\Users\Admin\Desktop\BOARDING HOUSE INFORMATION MANAGEMENT SYSTEM\venv\Lib\site-packages\django\utils\autoreload.py", line 64, in wrapper
    fn(*args, **kwargs)
    ~~^^^^^^^^^^^^^^^^^
  File "C:\Users\Admin\Desktop\BOARDING HOUSE INFORMATION MANAGEMENT SYSTEM\venv\Lib\site-packages\django\core\management\commands\runserver.py", line 136, in inner_run
    self.check_migrations()
    ~~~~~~~~~~~~~~~~~~~~~^^
  File "C:\Users\Admin\Desktop\BOARDING HOUSE INFORMATION MANAGEMENT SYSTEM\venv\Lib\site-packages\django\core\management\base.py", line 574, in check_migrations
    executor = MigrationExecutor(connections[DEFAULT_DB_ALIAS])
  File "C:\Users\Admin\Desktop\BOARDING HOUSE INFORMATION MANAGEMENT SYSTEM\venv\Lib\site-packages\django\db\migrations\executor.py", line 18, in __init__
    self.loader = MigrationLoader(self.connection)
                  ~~~~~~~~~~~~~~~^^^^^^^^^^^^^^^^^
  File "C:\Users\Admin\Desktop\BOARDING HOUSE INFORMATION MANAGEMENT SYSTEM\venv\Lib\site-packages\django\db\migrations\loader.py", line 58, in __init__
    self.build_graph()
    ~~~~~~~~~~~~~~~~^^
  File "C:\Users\Admin\Desktop\BOARDING HOUSE INFORMATION MANAGEMENT SYSTEM\venv\Lib\site-packages\django\db\migrations\loader.py", line 250, in build_graph
    self.add_external_dependencies(key, migration)
    ~~~~~~~~~~~~~~~~~~~~~~~~~~~~~~^^^^^^^^^^^^^^^^
  File "C:\Users\Admin\Desktop\BOARDING HOUSE INFORMATION MANAGEMENT SYSTEM\venv\Lib\site-packages\django\db\migrations\loader.py", line 214, in add_external_dependencies
    parent = self.check_key(parent, key[0])
  File "C:\Users\Admin\Desktop\BOARDING HOUSE INFORMATION MANAGEMENT SYSTEM\venv\Lib\site-packages\django\db\migrations\loader.py", line 194, in check_key
    raise ValueError(
        "Dependency on app with no migrations: %s" % key[0]
    )
ValueError: Dependency on app with no migrations: core
C:\Users\Admin\Desktop\BOARDING HOUSE INFORMATION MANAGEMENT SYSTEM\core\views.py changed, reloading.
Performing system checks...

System check identified no issues (0 silenced).
Watching for file changes with StatReloader
